exports[`test renders correctly 1`] = `
<View
  style={
    Object {
      "alignItems": "center",
      "backgroundColor": "#F5FCFF",
      "flex": 1,
      "justifyContent": "center",
    }
  }>
  <Text
    accessible={true}
    allowFontScaling={true}
    ellipsizeMode="tail"
    style={
      Object {
        "fontFamily": "Avenir",
        "fontSize": 20,
        "margin": 10,
        "textAlign": "center",
      }
    }>
    Searcher
  </Text>
  <TextInput
    onChangeText={[Function]}
    onSubmitEditing={[Function]}
    style={
      Object {
        "borderColor": "grey",
        "borderWidth": 1,
        "height": 40,
        "padding": 10,
        "width": 200,
      }
    }
    value="" />
  <View>
    <Image
      source={
        Object {
          "uri": undefined,
        }
      }
      style={
        Object {
          "height": 222,
          "padding": 10,
          "width": 150,
        }
      } />
  </View>
  <Text
    accessible={true}
    allowFontScaling={true}
    ellipsizeMode="tail"
    style={
      Object {
        "color": "#333333",
        "fontWeight": "bold",
        "marginBottom": 5,
        "padding": 10,
        "textAlign": "center",
      }
    } />
</View>
`;
